[2026-09-30 14:39:13,829] INFO: [DRY_RUN_SUCCESS] Tier='DUE', Customer='Anil Kumar', Phone='91******8227', Template='refillcare_reminder_unified', Status=200, MessageId='DRY_RUN_DUE_8227', Message='[DRY RUN] Validated 3-Tier payload for 919640568227 (Tier: DUE). No HTTP request sent.'
[2026-09-30 14:39:13,901] INFO: [DRY_RUN_SUCCESS] Tier='DUE', Customer='Sunil Sharma', Phone='91******3474', Template='reminder_refill_followup_v3', Status=200, MessageId='DRY_RUN_DUE_3474', Message='[DRY RUN] Validated 3-Tier payload for 919581473474 (Tier: DUE). No HTTP request sent.'
[2026-09-30 14:39:36,926] INFO: [DRY_RUN_SUCCESS] Tier='DUE', Customer='Anil Kumar', Phone='91******8227', Template='refillcare_reminder_unified', Status=200, MessageId='DRY_RUN_DUE_8227', Message='[DRY RUN] Validated 3-Tier payload for 919640568227 (Tier: DUE). No HTTP request sent.'
[2026-09-30 14:39:36,990] INFO: [DRY_RUN_SUCCESS] Tier='DUE', Customer='Sunil Sharma', Phone='91******3474', Template='reminder_refill_followup_v3', Status=200, MessageId='DRY_RUN_DUE_3474', Message='[DRY RUN] Validated 3-Tier payload for 919581473474 (Tier: DUE). No HTTP request sent.'
[2026-09-30 14:40:49,875] INFO: [DRY_RUN_SUCCESS] Tier='FOLLOWUP', Customer='RAMESH', Phone='91******0814', Template='reminder_refill_followup_v3', Status=200, MessageId='DRY_RUN_FOLLOWUP_0814', Message='[DRY RUN] Validated 3-Tier payload for 919908220814 (Tier: FOLLOWUP). No HTTP request sent.'
[2026-09-30 14:40:49,910] INFO: [DRY_RUN_SUCCESS] Tier='FOLLOWUP', Customer='HENRY JUSTIN', Phone='91******4961', Template='reminder_refill_followup_v3', Status=200, MessageId='DRY_RUN_FOLLOWUP_4961', Message='[DRY RUN] Validated 3-Tier payload for 918143114961 (Tier: FOLLOWUP). No HTTP request sent.'
[2026-09-30 14:40:49,930] INFO: [DRY_RUN_SUCCESS] Tier='FOLLOWUP', Customer='GP VARDHANI', Phone='91******3110', Template='reminder_refill_followup_v3', Status=200, MessageId='DRY_RUN_FOLLOWUP_3110', Message='[DRY RUN] Validated 3-Tier payload for 918121793110 (Tier: FOLLOWUP). No HTTP request sent.'
[2026-09-30 14:40:49,950] INFO: [DRY_RUN_SUCCESS] Tier='DUE', Customer='ANIL', Phone='91******8750', Template='reminder_refill_followup_v3', Status=200, MessageId='DRY_RUN_DUE_8750', Message='[DRY RUN] Validated 3-Tier payload for 919848198750 (Tier: DUE). No HTTP request sent.'
[2026-09-30 14:40:49,970] INFO: [DRY_RUN_SUCCESS] Tier='DUE', Customer='M YADHAGIRI REDDY', Phone='91******9188', Template='reminder_refill_followup_v3', Status=200, MessageId='DRY_RUN_DUE_9188', Message='[DRY RUN] Validated 3-Tier payload for 919985199188 (Tier: DUE). No HTTP request sent.'
[2026-09-30 14:41:22,564] INFO: [DRY_RUN_SUCCESS] Tier='DUE', Customer='Anil Kumar', Phone='91******8227', Template='refillcare_reminder_unified', Status=200, MessageId='DRY_RUN_DUE_8227', Message='[DRY RUN] Validated 3-Tier payload for 919640568227 (Tier: DUE). No HTTP request sent.'
[2026-09-30 14:41:22,614] INFO: [DRY_RUN_SUCCESS] Tier='DUE', Customer='Sunil Sharma', Phone='91******3474', Template='reminder_refill_followup_v3', Status=200, MessageId='DRY_RUN_DUE_3474', Message='[DRY RUN] Validated 3-Tier payload for 919581473474 (Tier: DUE). No HTTP request sent.'
[2026-09-30 14:42:58,135] INFO: [DRY_RUN_SUCCESS] Tier='FOLLOWUP', Customer='RAMESH', Phone='91******0814', Template='reminder_refill_followup_v3', Status=200, MessageId='DRY_RUN_FOLLOWUP_0814', Message='[DRY RUN] Validated 3-Tier payload for 919908220814 (Tier: FOLLOWUP). No HTTP request sent.'
[2026-09-30 14:42:58,173] INFO: [DRY_RUN_SUCCESS] Tier='FOLLOWUP', Customer='HENRY JUSTIN', Phone='91******4961', Template='reminder_refill_followup_v3', Status=200, MessageId='DRY_RUN_FOLLOWUP_4961', Message='[DRY RUN] Validated 3-Tier payload for 918143114961 (Tier: FOLLOWUP). No HTTP request sent.'
[2026-09-30 14:42:58,193] INFO: [DRY_RUN_SUCCESS] Tier='FOLLOWUP', Customer='GP VARDHANI', Phone='91******3110', Template='reminder_refill_followup_v3', Status=200, MessageId='DRY_RUN_FOLLOWUP_3110', Message='[DRY RUN] Validated 3-Tier payload for 918121793110 (Tier: FOLLOWUP). No HTTP request sent.'
[2026-09-30 14:42:58,211] INFO: [DRY_RUN_SUCCESS] Tier='DUE', Customer='ANIL', Phone='91******8750', Template='reminder_refill_followup_v3', Status=200, MessageId='DRY_RUN_DUE_8750', Message='[DRY RUN] Validated 3-Tier payload for 919848198750 (Tier: DUE). No HTTP request sent.'
[2026-09-30 14:42:58,226] INFO: [DRY_RUN_SUCCESS] Tier='DUE', Customer='M YADHAGIRI REDDY', Phone='91******9188', Template='reminder_refill_followup_v3', Status=200, MessageId='DRY_RUN_DUE_9188', Message='[DRY RUN] Validated 3-Tier payload for 919985199188 (Tier: DUE). No HTTP request sent.'
[2026-09-30 14:43:26,915] INFO: [DRY_RUN_SUCCESS] Tier='FOLLOWUP', Customer='RAMESH', Phone='91******0814', Template='reminder_refill_followup_v3', Status=200, MessageId='DRY_RUN_FOLLOWUP_0814', Message='[DRY RUN] Validated 3-Tier payload for 919908220814 (Tier: FOLLOWUP). No HTTP request sent.'
[2026-09-30 14:43:26,958] INFO: [DRY_RUN_SUCCESS] Tier='FOLLOWUP', Customer='HENRY JUSTIN', Phone='91******4961', Template='reminder_refill_followup_v3', Status=200, MessageId='DRY_RUN_FOLLOWUP_4961', Message='[DRY RUN] Validated 3-Tier payload for 918143114961 (Tier: FOLLOWUP). No HTTP request sent.'
[2026-09-30 14:43:26,988] INFO: [DRY_RUN_SUCCESS] Tier='FOLLOWUP', Customer='GP VARDHANI', Phone='91******3110', Template='reminder_refill_followup_v3', Status=200, MessageId='DRY_RUN_FOLLOWUP_3110', Message='[DRY RUN] Validated 3-Tier payload for 918121793110 (Tier: FOLLOWUP). No HTTP request sent.'
[2026-09-30 14:43:27,022] INFO: [DRY_RUN_SUCCESS] Tier='DUE', Customer='ANIL', Phone='91******8750', Template='reminder_refill_followup_v3', Status=200, MessageId='DRY_RUN_DUE_8750', Message='[DRY RUN] Validated 3-Tier payload for 919848198750 (Tier: DUE). No HTTP request sent.'
[2026-09-30 14:43:27,050] INFO: [DRY_RUN_SUCCESS] Tier='DUE', Customer='M YADHAGIRI REDDY', Phone='91******9188', Template='reminder_refill_followup_v3', Status=200, MessageId='DRY_RUN_DUE_9188', Message='[DRY RUN] Validated 3-Tier payload for 919985199188 (Tier: DUE). No HTTP request sent.'
[2026-09-30 14:43:57,392] INFO: [DRY_RUN_SUCCESS] Tier='DUE', Customer='Anil Kumar', Phone='91******8227', Template='refillcare_reminder_unified', Status=200, MessageId='DRY_RUN_DUE_8227', Message='[DRY RUN] Validated 3-Tier payload for 919640568227 (Tier: DUE). No HTTP request sent.'
[2026-09-30 14:43:57,439] INFO: [DRY_RUN_SUCCESS] Tier='DUE', Customer='Sunil Sharma', Phone='91******3474', Template='reminder_refill_followup_v3', Status=200, MessageId='DRY_RUN_DUE_3474', Message='[DRY RUN] Validated 3-Tier payload for 919581473474 (Tier: DUE). No HTTP request sent.'
[2026-09-30 16:30:28,014] INFO: [DRY_RUN_SUCCESS] Tier='DUE', Customer='Anil Kumar', Phone='91******8227', Template='refillcare_reminder_unified', Status=200, MessageId='DRY_RUN_DUE_8227', Message='[DRY RUN] Validated 3-Tier payload for 919640568227 (Tier: DUE). No HTTP request sent.'
[2026-09-30 16:30:28,089] INFO: [DRY_RUN_SUCCESS] Tier='DUE', Customer='Sunil Sharma', Phone='91******3474', Template='refillcare_medicine_reminder', Status=200, MessageId='DRY_RUN_DUE_3474', Message='[DRY RUN] Validated 3-Tier payload for 919581473474 (Tier: DUE). No HTTP request sent.'
[2026-09-30 16:30:52,911] INFO: [DRY_RUN_SUCCESS] Tier='DUE', Customer='Anil Kumar', Phone='91******8227', Template='refillcare_reminder_unified', Status=200, MessageId='DRY_RUN_DUE_8227', Message='[DRY RUN] Validated 3-Tier payload for 919640568227 (Tier: DUE). No HTTP request sent.'
[2026-09-30 16:30:53,118] INFO: [DRY_RUN_SUCCESS] Tier='DUE', Customer='Sunil Sharma', Phone='91******3474', Template='refillcare_medicine_reminder', Status=200, MessageId='DRY_RUN_DUE_3474', Message='[DRY RUN] Validated 3-Tier payload for 919581473474 (Tier: DUE). No HTTP request sent.'
[2026-09-30 16:31:14,861] INFO: [DRY_RUN_SUCCESS] Tier='DUE', Customer='Anil Kumar', Phone='91******8227', Template='refillcare_reminder_unified', Status=200, MessageId='DRY_RUN_DUE_8227', Message='[DRY RUN] Validated 3-Tier payload for 919640568227 (Tier: DUE). No HTTP request sent.'
[2026-09-30 16:31:15,091] INFO: [DRY_RUN_SUCCESS] Tier='DUE', Customer='Sunil Sharma', Phone='91******3474', Template='refillcare_medicine_reminder', Status=200, MessageId='DRY_RUN_DUE_3474', Message='[DRY RUN] Validated 3-Tier payload for 919581473474 (Tier: DUE). No HTTP request sent.'
[2026-09-30 16:32:19,243] INFO: [DRY_RUN_SUCCESS] Tier='FOLLOWUP', Customer='RAMESH', Phone='91******0814', Template='refillcare_medicine_reminder', Status=200, MessageId='DRY_RUN_FOLLOWUP_0814', Message='[DRY RUN] Validated 3-Tier payload for 919908220814 (Tier: FOLLOWUP). No HTTP request sent.'
[2026-09-30 16:32:19,290] INFO: [DRY_RUN_SUCCESS] Tier='FOLLOWUP', Customer='HENRY JUSTIN', Phone='91******4961', Template='refillcare_medicine_reminder', Status=200, MessageId='DRY_RUN_FOLLOWUP_4961', Message='[DRY RUN] Validated 3-Tier payload for 918143114961 (Tier: FOLLOWUP). No HTTP request sent.'
[2026-09-30 16:32:19,324] INFO: [DRY_RUN_SUCCESS] Tier='FOLLOWUP', Customer='GP VARDHANI', Phone='91******3110', Template='refillcare_medicine_reminder', Status=200, MessageId='DRY_RUN_FOLLOWUP_3110', Message='[DRY RUN] Validated 3-Tier payload for 918121793110 (Tier: FOLLOWUP). No HTTP request sent.'
[2026-09-30 16:32:19,368] INFO: [DRY_RUN_SUCCESS] Tier='DUE', Customer='ANIL', Phone='91******8750', Template='refillcare_medicine_reminder', Status=200, MessageId='DRY_RUN_DUE_8750', Message='[DRY RUN] Validated 3-Tier payload for 919848198750 (Tier: DUE). No HTTP request sent.'
[2026-09-30 16:32:19,402] INFO: [DRY_RUN_SUCCESS] Tier='DUE', Customer='M YADHAGIRI REDDY', Phone='91******9188', Template='refillcare_medicine_reminder', Status=200, MessageId='DRY_RUN_DUE_9188', Message='[DRY RUN] Validated 3-Tier payload for 919985199188 (Tier: DUE). No HTTP request sent.'
[2026-09-30 16:32:38,491] INFO: [DRY_RUN_SUCCESS] Tier='DUE', Customer='Anil Kumar', Phone='91******8227', Template='refillcare_reminder_unified', Status=200, MessageId='DRY_RUN_DUE_8227', Message='[DRY RUN] Validated 3-Tier payload for 919640568227 (Tier: DUE). No HTTP request sent.'
[2026-09-30 16:32:38,527] INFO: [DRY_RUN_SUCCESS] Tier='DUE', Customer='Sunil Sharma', Phone='91******3474', Template='refillcare_medicine_reminder', Status=200, MessageId='DRY_RUN_DUE_3474', Message='[DRY RUN] Validated 3-Tier payload for 919581473474 (Tier: DUE). No HTTP request sent.'
[2026-09-30 16:33:37,073] INFO: [DRY_RUN_SUCCESS] Tier='FOLLOWUP', Customer='RAMESH', Phone='91******0814', Template='refillcare_medicine_reminder', Status=200, MessageId='DRY_RUN_FOLLOWUP_0814', Message='[DRY RUN] Validated 3-Tier payload for 919908220814 (Tier: FOLLOWUP). No HTTP request sent.'
[2026-09-30 16:33:37,096] INFO: [DRY_RUN_SUCCESS] Tier='FOLLOWUP', Customer='HENRY JUSTIN', Phone='91******4961', Template='refillcare_medicine_reminder', Status=200, MessageId='DRY_RUN_FOLLOWUP_4961', Message='[DRY RUN] Validated 3-Tier payload for 918143114961 (Tier: FOLLOWUP). No HTTP request sent.'
[2026-09-30 16:33:37,110] INFO: [DRY_RUN_SUCCESS] Tier='FOLLOWUP', Customer='GP VARDHANI', Phone='91******3110', Template='refillcare_medicine_reminder', Status=200, MessageId='DRY_RUN_FOLLOWUP_3110', Message='[DRY RUN] Validated 3-Tier payload for 918121793110 (Tier: FOLLOWUP). No HTTP request sent.'
[2026-09-30 16:33:37,125] INFO: [DRY_RUN_SUCCESS] Tier='DUE', Customer='ANIL', Phone='91******8750', Template='refillcare_medicine_reminder', Status=200, MessageId='DRY_RUN_DUE_8750', Message='[DRY RUN] Validated 3-Tier payload for 919848198750 (Tier: DUE). No HTTP request sent.'
[2026-09-30 16:33:37,139] INFO: [DRY_RUN_SUCCESS] Tier='DUE', Customer='M YADHAGIRI REDDY', Phone='91******9188', Template='refillcare_medicine_reminder', Status=200, MessageId='DRY_RUN_DUE_9188', Message='[DRY RUN] Validated 3-Tier payload for 919985199188 (Tier: DUE). No HTTP request sent.'
[2026-09-30 16:34:12,796] INFO: [DRY_RUN_SUCCESS] Tier='DUE', Customer='Anil Kumar', Phone='91******8227', Template='refillcare_reminder_unified', Status=200, MessageId='DRY_RUN_DUE_8227', Message='[DRY RUN] Validated 3-Tier payload for 919640568227 (Tier: DUE). No HTTP request sent.'
[2026-09-30 16:34:12,880] INFO: [DRY_RUN_SUCCESS] Tier='DUE', Customer='Sunil Sharma', Phone='91******3474', Template='refillcare_medicine_reminder', Status=200, MessageId='DRY_RUN_DUE_3474', Message='[DRY RUN] Validated 3-Tier payload for 919581473474 (Tier: DUE). No HTTP request sent.'
[2026-09-30 16:35:32,202] INFO: [DRY_RUN_SUCCESS] Tier='DUE', Customer='Anil Kumar', Phone='91******8227', Template='refillcare_reminder_unified', Status=200, MessageId='DRY_RUN_DUE_8227', Message='[DRY RUN] Validated 3-Tier payload for 919640568227 (Tier: DUE). No HTTP request sent.'
[2026-09-30 16:35:32,373] INFO: [DRY_RUN_SUCCESS] Tier='DUE', Customer='Sunil Sharma', Phone='91******3474', Template='refillcare_medicine_reminder', Status=200, MessageId='DRY_RUN_DUE_3474', Message='[DRY RUN] Validated 3-Tier payload for 919581473474 (Tier: DUE). No HTTP request sent.'
[2026-09-30 16:58:22,952] INFO: [DRY_RUN_SUCCESS] Tier='DUE', Customer='Anil Kumar', Phone='91******8227', Template='refillcare_reminder_unified', Status=200, MessageId='DRY_RUN_DUE_8227', Message='[DRY RUN] Validated 3-Tier payload for 919640568227 (Tier: DUE). No HTTP request sent.'
[2026-09-30 16:58:22,979] INFO: [DRY_RUN_SUCCESS] Tier='DUE', Customer='Sunil Sharma', Phone='91******3474', Template='refillcare_medicine_reminder', Status=200, MessageId='DRY_RUN_DUE_3474', Message='[DRY RUN] Validated 3-Tier payload for 919581473474 (Tier: DUE). No HTTP request sent.'
[2026-09-30 17:46:41,053] INFO: [DRY_RUN_SUCCESS] Tier='DUE', Customer='Anil Kumar', Phone='91******8227', Template='refillcare_reminder_unified', Status=200, MessageId='DRY_RUN_DUE_8227', Message='[DRY RUN] Validated 3-Tier payload for 919640568227 (Tier: DUE). No HTTP request sent.'
[2026-09-30 17:46:41,109] INFO: [DRY_RUN_SUCCESS] Tier='DUE', Customer='Sunil Sharma', Phone='91******3474', Template='refillcare_medicine_reminder', Status=200, MessageId='DRY_RUN_DUE_3474', Message='[DRY RUN] Validated 3-Tier payload for 919581473474 (Tier: DUE). No HTTP request sent.'
[2026-09-30 17:49:28,406] INFO: [DRY_RUN_SUCCESS] Tier='FOLLOWUP', Customer='RAMESH', Phone='91******0814', Template='refillcare_medicine_reminder', Status=200, MessageId='DRY_RUN_FOLLOWUP_0814', Message='[DRY RUN] Validated 3-Tier payload for 919908220814 (Tier: FOLLOWUP). No HTTP request sent.'
[2026-09-30 17:49:28,427] INFO: [DRY_RUN_SUCCESS] Tier='FOLLOWUP', Customer='HENRY JUSTIN', Phone='91******4961', Template='refillcare_medicine_reminder', Status=200, MessageId='DRY_RUN_FOLLOWUP_4961', Message='[DRY RUN] Validated 3-Tier payload for 918143114961 (Tier: FOLLOWUP). No HTTP request sent.'
[2026-09-30 17:49:28,446] INFO: [DRY_RUN_SUCCESS] Tier='FOLLOWUP', Customer='GP VARDHANI', Phone='91******3110', Template='refillcare_medicine_reminder', Status=200, MessageId='DRY_RUN_FOLLOWUP_3110', Message='[DRY RUN] Validated 3-Tier payload for 918121793110 (Tier: FOLLOWUP). No HTTP request sent.'
[2026-09-30 17:49:28,462] INFO: [DRY_RUN_SUCCESS] Tier='DUE', Customer='ANIL', Phone='91******8750', Template='refillcare_medicine_reminder', Status=200, MessageId='DRY_RUN_DUE_8750', Message='[DRY RUN] Validated 3-Tier payload for 919848198750 (Tier: DUE). No HTTP request sent.'
[2026-09-30 17:49:28,474] INFO: [DRY_RUN_SUCCESS] Tier='DUE', Customer='M YADHAGIRI REDDY', Phone='91******9188', Template='refillcare_medicine_reminder', Status=200, MessageId='DRY_RUN_DUE_9188', Message='[DRY RUN] Validated 3-Tier payload for 919985199188 (Tier: DUE). No HTTP request sent.'
[2026-09-30 17:49:56,900] INFO: [DRY_RUN_SUCCESS] Tier='DUE', Customer='Anil Kumar', Phone='91******8227', Template='refillcare_reminder_unified', Status=200, MessageId='DRY_RUN_DUE_8227', Message='[DRY RUN] Validated 3-Tier payload for 919640568227 (Tier: DUE). No HTTP request sent.'
[2026-09-30 17:49:56,956] INFO: [DRY_RUN_SUCCESS] Tier='DUE', Customer='Sunil Sharma', Phone='91******3474', Template='refillcare_medicine_reminder', Status=200, MessageId='DRY_RUN_DUE_3474', Message='[DRY RUN] Validated 3-Tier payload for 919581473474 (Tier: DUE). No HTTP request sent.'
[2026-09-30 17:50:59,613] INFO: [DRY_RUN_SUCCESS] Tier='DUE', Customer='Anil Kumar', Phone='91******8227', Template='refillcare_reminder_unified', Status=200, MessageId='DRY_RUN_DUE_8227', Message='[DRY RUN] Validated 3-Tier payload for 919640568227 (Tier: DUE). No HTTP request sent.'
[2026-09-30 17:50:59,669] INFO: [DRY_RUN_SUCCESS] Tier='DUE', Customer='Sunil Sharma', Phone='91******3474', Template='refillcare_medicine_reminder', Status=200, MessageId='DRY_RUN_DUE_3474', Message='[DRY RUN] Validated 3-Tier payload for 919581473474 (Tier: DUE). No HTTP request sent.'
